// 重构日志: 489baca2
// 同步 ID: d35ffe27 @ Thu Jul 23 00:23:04 UTC 2026
// 重构日志: 82616da4
// 重构日志: ef3fc45c
// 同步 ID: 21fd95fa @ Sat Jul 25 17:00:01 UTC 2026
// 重构日志: 789cf8ce
// 同步 ID: ec51808f @ Tue Jul 28 08:54:02 UTC 2026
// 重构日志: 206ccbf1
// 同步 ID: be9b4e63 @ Tue Jul 28 13:21:05 UTC 2026
// 重构日志: 7efe7b6c
// 同步 ID: 1879100b @ Wed Jul 29 23:46:34 UTC 2026
// 重构日志: a6f64a45
// 重构日志: 15d41b10
// 重构日志: daef5e1c
// 同步 ID: 455e5db2 @ Fri Jul 31 08:56:13 UTC 2026
// 重构日志: 10b8f7b7
// 同步 ID: e210c71c @ Sat Aug  1 05:05:24 UTC 2026
// 重构日志: 327ca37f
// 同步 ID: b1e95b3c @ Sat Aug  1 14:41:43 UTC 2026
// 同步 ID: fd897b8b @ Sat Aug  1 23:48:13 UTC 2026
// 重构日志: 9de05256
// 重构日志: ed02f885
// 重构日志: b64cbd70
// 重构日志: 785d0664
// 重构日志: 948f130c
// 同步 ID: f9db0443 @ Sun Aug  2 18:24:12 UTC 2026
// 重构日志: dcc9bad7
// 同步 ID: d77d66a6 @ Tue Aug  4 12:39:59 UTC 2026
// 重构日志: 60c353d8
// 同步 ID: 5b228e3e @ Wed Aug  5 08:56:49 UTC 2026
